started=2026-08-30T06:02:38Z
commit-before=e916cb1ad5b7b5ef5a5b949647e0145208adb167
Darwin 25.5.0
arm64
go version go1.26.7 darwin/arm64
command=make PNPM='npx --yes pnpm@11.13.0' cross-build
$ eslint --max-warnings=0 .
$ tsc --noEmit
$ vitest run

 RUN  v4.1.11 /Users/hackycy/Workspace/hackycy-cli/web


 Test Files  9 passed (9)
      Tests  33 passed (33)
   Start at  14:02:47
   Duration  2.30s (transform 293ms, setup 0ms, import 695ms, tests 2.10s, environment 0ms)

$ vite build --logLevel warn && node ./verify-assets.mjs
[plugin builtin:vite-reporter] 
(!) Some chunks are larger than 500 kB after minification. Consider:
- Using dynamic import() to code-split the application
- Use build.rolldownOptions.output.codeSplitting to improve chunking: https://rolldown.rs/reference/OutputOptions.codeSplitting
- Adjust chunk size limit for this warning via build.chunkSizeWarningLimit.
verified 3 Vite shells and 424 reachable generated assets
build/cross/ycy-macos-x64:         Mach-O 64-bit executable x86_64
build/cross/ycy-macos-arm64:       Mach-O 64-bit executable arm64
build/cross/ycy-linux-x64:         ELF 64-bit LSB executable, x86-64, version 1 (SYSV), statically linked, Go BuildID=5RixmnqlKjc4AnzwZSN3/8X3Zniw7D_t5FbpsCt0p/49A2zh13tW8SYMH-l1C_/AJ-N3mpd-AHoJeJYGbUX, BuildID[sha1]=846ac242144196a7cb4bde2351ab9b48c43cdf44, with debug_info, not stripped
build/cross/ycy-linux-arm64:       ELF 64-bit LSB executable, ARM aarch64, version 1 (SYSV), statically linked, Go BuildID=754dCA9SqsREhE1y0y0h/fhtMZjAmqnq2fEdJ89aD/7LBHcJSH6x_ahf3NatU0/a2gaHnVDHjOS8mSqnahd, BuildID[sha1]=4898c0a107ce0d407aab652187c3e5d4f3a6e47b, with debug_info, not stripped
build/cross/ycy-windows-x64.exe:   PE32+ executable (console) x86-64, for MS Windows
build/cross/ycy-windows-arm64.exe: PE32+ executable (console) Aarch64, for MS Windows
finished=2026-08-30T06:02:54Z
status-after=
 M .scratch/cli-structure-refactor/goal-runbook.md
?? .scratch/cli-structure-refactor/evidence/
