started=2026-08-30T06:01:17Z
commit-before=e916cb1ad5b7b5ef5a5b949647e0145208adb167
Linux 6.10.14-linuxkit
aarch64
go version go1.26.7 linux/arm64
command=make acceptance-web
$ eslint --max-warnings=0 .
$ tsc --noEmit
$ vitest run

[1m[30m[46m RUN [49m[39m[22m [36mv4.1.11 [39m[90m/workspace/web[39m

 [32m✓[39m fs/explorer-state.test.ts [2m([22m[2m8 tests[22m[2m)[22m[32m 4[2mms[22m[39m
 [32m✓[39m fs/layout-state.test.ts [2m([22m[2m1 test[22m[2m)[22m[32m 2[2mms[22m[39m
 [32m✓[39m fs/delete-confirmation.test.ts [2m([22m[2m3 tests[22m[2m)[22m[32m 2[2mms[22m[39m
 [32m✓[39m diff/lib/content-cache.test.ts [2m([22m[2m3 tests[22m[2m)[22m[32m 3[2mms[22m[39m
 [32m✓[39m asset-graph.test.ts [2m([22m[2m3 tests[22m[2m)[22m[32m 24[2mms[22m[39m
 [32m✓[39m tunnel-server/tunnel-form.test.ts [2m([22m[2m7 tests[22m[2m)[22m[32m 7[2mms[22m[39m
 [32m✓[39m shared/admin/index.test.tsx [2m([22m[2m2 tests[22m[2m)[22m[32m 8[2mms[22m[39m
 [32m✓[39m fs/activity-center.test.ts [2m([22m[2m3 tests[22m[2m)[22m[32m 2[2mms[22m[39m
 [32m✓[39m development-proxy.test.ts [2m([22m[2m3 tests[22m[2m)[22m[33m 1657[2mms[22m[39m
     [33m[2m✓[22m[39m serves diff through its strict port, HMR shell, and reserved proxies [33m 577[2mms[22m[39m
     [33m[2m✓[22m[39m serves fs through its strict port, HMR shell, and reserved proxies [33m 542[2mms[22m[39m
     [33m[2m✓[22m[39m serves tunnel-server through its strict port, HMR shell, and reserved proxies [33m 537[2mms[22m[39m

[2m Test Files [22m [1m[32m9 passed[39m[22m[90m (9)[39m
[2m      Tests [22m [1m[32m33 passed[39m[22m[90m (33)[39m
[2m   Start at [22m 06:01:23
[2m   Duration [22m 1.89s[2m (transform 394ms, setup 0ms, import 754ms, tests 1.71s, environment 1ms)[22m

$ vite build --logLevel warn && node ./verify-assets.mjs
[plugin builtin:vite-reporter] 
(!) Some chunks are larger than 500 kB after minification. Consider:
- Using dynamic import() to code-split the application
- Use build.rolldownOptions.output.codeSplitting to improve chunking: https://rolldown.rs/reference/OutputOptions.codeSplitting
- Adjust chunk size limit for this warning via build.chunkSizeWarningLimit.
verified 3 Vite shells and 424 reachable generated assets
ok  	github.com/hackycy/hackycy-cli/acceptance/web	1.866s
finished=2026-08-30T06:01:31Z
status-after=clean
