started=2026-08-30T06:04:04Z
checkout=/var/folders/1m/9__p7g391p91rfnz29k692y00000gn/T/g9-release-e916cb1.XXXXXX.9w2aClsHJZ
Cloning into '/var/folders/1m/9__p7g391p91rfnz29k692y00000gn/T/g9-release-e916cb1.XXXXXX.9w2aClsHJZ'...
commit-before=e916cb1ad5b7b5ef5a5b949647e0145208adb167
Darwin 25.5.0
arm64
go version go1.26.7 darwin/arm64
command=make PNPM='npx --yes pnpm@11.13.0' release-candidate RELEASE_VERSION=0.1.0
go version go1.26.7 darwin/arm64
v24.16.0
✓ Lockfile passes supply-chain policies (verified 1d ago)
Lockfile is up to date, resolution step is skipped
Progress: resolved 1, reused 0, downloaded 0, added 0
Packages: +533
++++++++++++++++++++++++++++++++++++++++++++++++++++++++++++++++++++++++++++++++

   ╭──────────────────────────────────────────╮
   │                                          │
   │   Update available! 11.13.0 → 11.24.0.   │
   │   Changelog: https://pnpm.io/v/11.24.0   │
   │     To update, run: pnpm self-update     │
   │                                          │
   ╰──────────────────────────────────────────╯

Progress: resolved 533, reused 532, downloaded 0, added 455
Progress: resolved 533, reused 532, downloaded 0, added 533, done

dependencies:
+ @hookform/resolvers 5.7.1
+ @pierre/diffs 1.2.12
+ @radix-ui/react-alert-dialog 1.1.23
+ @radix-ui/react-checkbox 1.3.9
+ @radix-ui/react-context-menu 2.3.7
+ @radix-ui/react-dialog 1.1.21
+ @radix-ui/react-dropdown-menu 2.1.24
+ @radix-ui/react-scroll-area 1.2.14
+ @radix-ui/react-select 2.3.7
+ @radix-ui/react-switch 1.3.7
+ @radix-ui/react-tabs 1.1.21
+ @radix-ui/react-toast 1.2.23
+ @radix-ui/react-toggle-group 1.1.19
+ @radix-ui/react-tooltip 1.2.14
+ @tanstack/react-virtual 3.14.8
+ class-variance-authority 0.7.1
+ clsx 2.1.1
+ lucide-react 1.25.0
+ monaco-editor 0.56.0
+ react 19.2.8
+ react-dom 19.2.8
+ react-hook-form 7.84.0
+ react-photo-view 1.2.7
+ react-resizable-panels 4.12.2
+ tailwind-merge 3.6.0
+ tailwindcss 4.3.3
+ tw-animate-css 1.4.0
+ uuid 14.0.1
+ zod 4.4.3

devDependencies:
+ @antfu/eslint-config 6.7.3
+ @tailwindcss/vite 4.3.3
+ @types/node 24.11.0
+ @types/react 19.2.14
+ @types/react-dom 19.2.3
+ @vitejs/plugin-react 5.1.1
+ eslint 9.39.3
+ typescript 5.9.3
+ vite 8.2.2
+ vitest 4.1.11

Done in 2.2s using pnpm v11.13.0
$ vite build --logLevel warn && node ./verify-assets.mjs
[plugin builtin:vite-reporter] 
(!) Some chunks are larger than 500 kB after minification. Consider:
- Using dynamic import() to code-split the application
- Use build.rolldownOptions.output.codeSplitting to improve chunking: https://rolldown.rs/reference/OutputOptions.codeSplitting
- Adjust chunk size limit for this warning via build.chunkSizeWarningLimit.
verified 3 Vite shells and 424 reachable generated assets
/var/folders/1m/9__p7g391p91rfnz29k692y00000gn/T/g9-release-e916cb1.XXXXXX.9w2aClsHJZ/release/0.1.0/ycy-macos-x64:         Mach-O 64-bit executable x86_64
/var/folders/1m/9__p7g391p91rfnz29k692y00000gn/T/g9-release-e916cb1.XXXXXX.9w2aClsHJZ/release/0.1.0/ycy-macos-arm64:       Mach-O 64-bit executable arm64
/var/folders/1m/9__p7g391p91rfnz29k692y00000gn/T/g9-release-e916cb1.XXXXXX.9w2aClsHJZ/release/0.1.0/ycy-linux-x64:         ELF 64-bit LSB executable, x86-64, version 1 (SYSV), statically linked, Go BuildID=DpqAD-RfLIKHpMdMquGm/dYecaavgN__inE0UCeJl/49A2zh13tW8SYMH-l1C_/M1SLzgAA9EeI6x4tVMDh, BuildID[sha1]=ec676535faf027a6af6b342e1cbf3a46c634050c, with debug_info, not stripped
/var/folders/1m/9__p7g391p91rfnz29k692y00000gn/T/g9-release-e916cb1.XXXXXX.9w2aClsHJZ/release/0.1.0/ycy-linux-arm64:       ELF 64-bit LSB executable, ARM aarch64, version 1 (SYSV), statically linked, Go BuildID=Ju9YsMcrRs23evd8yjAS/dUni_pw612mEkc2jRWgX/7LBHcJSH6x_ahf3NatU0/FJzxoJvJVqD31tzPC9lB, BuildID[sha1]=24dae20f0aec33bda6587ca320a75d5b0e8aa2ef, with debug_info, not stripped
/var/folders/1m/9__p7g391p91rfnz29k692y00000gn/T/g9-release-e916cb1.XXXXXX.9w2aClsHJZ/release/0.1.0/ycy-windows-x64.exe:   PE32+ executable (console) x86-64, for MS Windows
/var/folders/1m/9__p7g391p91rfnz29k692y00000gn/T/g9-release-e916cb1.XXXXXX.9w2aClsHJZ/release/0.1.0/ycy-windows-arm64.exe: PE32+ executable (console) Aarch64, for MS Windows
finished=2026-08-30T06:04:34Z
status-after=
